[14:31:34] [main/INFO] (FabricLoader/GameProvider) Loading Minecraft 26.1.2 with Fabric Loader 0.19.3
[14:31:34] [main/INFO] (FabricLoader/Mappings) Mappings not present!
[14:31:35] [main/INFO] (FabricLoader) Loading 58 mods:
	- architectury 20.0.7
	- fabric-api 0.153.0+26.1.2
	- fabric-api-base 2.0.3+ece063234c
	- fabric-api-lookup-api-v1 2.0.12+d5a053b64c
	- fabric-biome-api-v1 18.0.5+2fa62b4e4c
	- fabric-block-api-v1 3.0.2+ec56b6014c
	- fabric-block-getter-api-v2 2.0.6+ec56b6014c
	- fabric-client-gametest-api-v1 5.1.0+0a5283664c
	- fabric-command-api-v2 3.0.5+e2bdee784c
	- fabric-content-registries-v0 11.2.1+76b0b6bb4c
	- fabric-convention-tags-v2 4.6.2+4f11f7994c
	- fabric-crash-report-info-v1 1.0.3+9f78a5a84c
	- fabric-creative-tab-api-v1 5.0.11+d871b99e4c
	- fabric-data-attachment-api-v1 2.2.8+44a0bd1d4c
	- fabric-data-generation-api-v1 24.3.1+4ec50a434c
	- fabric-debug-api-v1 1.0.1+c792624d4c
	- fabric-dimensions-v1 5.1.6+9cbf5da54c
	- fabric-entity-events-v1 5.0.2+e2bdee784c
	- fabric-events-interaction-v0 5.2.2+07b380be4c
	- fabric-game-rule-api-v1 4.0.5+d871b99e4c
	- fabric-gametest-api-v1 4.0.17+867b87624c
	- fabric-item-api-v1 14.2.0+a2a3a8914c
	- fabric-key-mapping-api-v1 2.0.4+e2bdee784c
	- fabric-lifecycle-events-v1 4.1.1+df84eb3d4c
	- fabric-loot-api-v3 3.0.12+00a1fba64c
	- fabric-menu-api-v1 2.0.14+d871b99e4c
	- fabric-message-api-v1 7.0.5+dae8ce3e4c
	- fabric-model-loading-api-v1 8.0.9+c80601bb4c
	- fabric-networking-api-v1 6.3.1+554860db4c
	- fabric-object-builder-api-v1 23.0.17+b95dd56e4c
	- fabric-particles-v1 5.0.15+b61fef434c
	- fabric-permission-api-v1 1.0.1+c3369b134c
	- fabric-recipe-api-v1 9.0.16+be4b75ae4c
	- fabric-registry-sync-v0 7.1.0+2fa62b4e4c
	- fabric-renderer-api-v1 13.0.6+c80601bb4c
	- fabric-renderer-indigo 8.1.3+1403e82c4c
	- fabric-rendering-fluids-v1 6.0.1+d871b99e4c
	- fabric-rendering-v1 23.2.0+c9da2e974c
	- fabric-resource-conditions-api-v1 6.1.0+83dd0ba34c
	- fabric-resource-loader-v0 3.3.17+4fc5413f4c
	- fabric-resource-loader-v1 2.0.10+7c44c7324c
	- fabric-screen-api-v1 5.0.2+1ed6f6f64c
	- fabric-serialization-api-v1 2.0.3+11a26f314c
	- fabric-sound-api-v1 2.0.4+11a26f314c
	- fabric-tag-api-v1 2.1.1+371cf5db4c
	- fabric-transfer-api-v1 8.0.6+357ea7334c
	- fabric-transitive-access-wideners-v1 8.1.1+7f80f93d4c
	- fabricloader 0.19.3
	- generated_b3c5aa1 1.0.0
	- java 25
	- minecraft 26.1.2
	- mixinextras 0.5.4
	- too_many_bows 1.0.0-26.1.2
	- trinkets_updated 4.0.0-beta.3+26.1
	- yumi_commons_collections 2.0.0
	- yumi_commons_core 2.0.0
	- yumi_commons_event 2.0.0
	- yumi_mc_core 1.0.1+26.1
[14:31:35] [main/INFO] (FabricLoader/Mixin) SpongePowered MIXIN Subsystem Version=0.8.7 Source=file:/C:/Users/noide/.gradle/caches/modules-2/files-2.1/net.fabricmc/sponge-mixin/0.17.3+mixin.0.8.7/41c4a3984a80f4679e759fb9f495587acc5cdac7/sponge-mixin-0.17.3+mixin.0.8.7.jar Service=Knot/Fabric Env=CLIENT
[14:31:35] [main/INFO] (FabricLoader/Mixin) Compatibility level set to JAVA_25
[14:31:36] [main/INFO] (FabricLoader/MixinExtras|Service) Initializing MixinExtras via com.llamalad7.mixinextras.service.MixinExtrasServiceImpl(version=0.5.4).
[14:31:37] [Datafixer Bootstrap/INFO] (Minecraft) 291 Datafixer optimizations took 321 milliseconds
[14:31:41] [Render thread/INFO] (Minecraft) Environment: Environment[sessionHost=https://sessionserver.mojang.com, servicesHost=https://api.minecraftservices.com, profilesHost=https://api.mojang.com, name=PROD]
[14:31:41] [Render thread/INFO] (Minecraft) Setting user: Player966
[14:31:41] [Download-2/ERROR] (Minecraft) Failed to fetch user properties
com.mojang.authlib.exceptions.InvalidCredentialsException: Status: 401
	at knot//com.mojang.authlib.exceptions.MinecraftClientHttpException.toAuthenticationException(MinecraftClientHttpException.java:59)
	at knot//com.mojang.authlib.yggdrasil.YggdrasilUserApiService.fetchProperties(YggdrasilUserApiService.java:150)
	at knot//net.minecraft.client.Minecraft.lambda$new$1(Minecraft.java:459)
	at java.base/java.util.concurrent.CompletableFuture$AsyncSupply.run(CompletableFuture.java:1789)
	at java.base/java.util.concurrent.ThreadPoolExecutor.runWorker(ThreadPoolExecutor.java:1090)
	at java.base/java.util.concurrent.ThreadPoolExecutor$Worker.run(ThreadPoolExecutor.java:614)
	at java.base/java.lang.Thread.run(Thread.java:1474)
Caused by: com.mojang.authlib.exceptions.MinecraftClientHttpException: Status: 401
	at knot//com.mojang.authlib.minecraft.client.MinecraftClient.readInputStream(MinecraftClient.java:103)
	at knot//com.mojang.authlib.minecraft.client.MinecraftClient.get(MinecraftClient.java:56)
	at knot//com.mojang.authlib.yggdrasil.YggdrasilUserApiService.fetchProperties(YggdrasilUserApiService.java:121)
	... 5 more
[14:31:41] [Render thread/INFO] (Indigo) [Indigo] Registering Indigo renderer!
[14:31:41] [Render thread/INFO] (ClientNetworkManagerImpl) Registering S2C receiver with id architectury:spawn_entity_packet
[14:31:41] [Render thread/INFO] (YumiFoundationMod) Initializing mods (entrypoint yumi:init)...
[14:31:42] [Render thread/INFO] (Minecraft) Backend library: LWJGL version 3.4.1-snapshot
[14:31:43] [Render thread/INFO] (Minecraft) Using optional rendering extensions: GL_ARB_buffer_storage, GL_KHR_debug, GL_ARB_vertex_attrib_binding, GL_ARB_direct_state_access, GL_EXT_texture_filter_anisotropic
[14:31:43] [Render thread/INFO] (Minecraft) Reloading ResourceManager: vanilla, fabric-api, fabric-api-base, fabric-api-lookup-api-v1, fabric-biome-api-v1, fabric-block-api-v1, fabric-block-getter-api-v2, fabric-client-gametest-api-v1, fabric-command-api-v2, fabric-content-registries-v0, fabric-convention-tags-v2, fabric-crash-report-info-v1, fabric-creative-tab-api-v1, fabric-data-attachment-api-v1, fabric-data-generation-api-v1, fabric-debug-api-v1, fabric-dimensions-v1, fabric-entity-events-v1, fabric-events-interaction-v0, fabric-game-rule-api-v1, fabric-gametest-api-v1, fabric-item-api-v1, fabric-key-mapping-api-v1, fabric-lifecycle-events-v1, fabric-loot-api-v3, fabric-menu-api-v1, fabric-message-api-v1, fabric-model-loading-api-v1, fabric-networking-api-v1, fabric-object-builder-api-v1, fabric-particles-v1, fabric-permission-api-v1, fabric-recipe-api-v1, fabric-registry-sync-v0, fabric-renderer-api-v1, fabric-renderer-indigo, fabric-rendering-fluids-v1, fabric-rendering-v1, fabric-resource-conditions-api-v1, fabric-resource-loader-v0, fabric-resource-loader-v1, fabric-screen-api-v1, fabric-serialization-api-v1, fabric-sound-api-v1, fabric-tag-api-v1, fabric-transfer-api-v1, fabric-transitive-access-wideners-v1, fabricloader, generated_b3c5aa1, trinkets_updated
[14:31:43] [Download-1/INFO] (Minecraft) Could not authorize you against Realms server: java.lang.RuntimeException: Failed to parse into SignedJWT: FabricMC
[14:31:43] [Download-1/ERROR] (Minecraft) Failed to fetch Realms feature flags
com.mojang.realmsclient.exception.RealmsServiceException: Realms authentication error with message 'java.lang.RuntimeException: Failed to parse into SignedJWT: FabricMC'
	at knot//com.mojang.realmsclient.client.RealmsClient.execute(RealmsClient.java:526)
	at knot//com.mojang.realmsclient.client.RealmsClient.fetchFeatureFlags(RealmsClient.java:186)
	at java.base/java.util.concurrent.CompletableFuture$AsyncSupply.run(CompletableFuture.java:1789)
	at java.base/java.util.concurrent.ThreadPoolExecutor.runWorker(ThreadPoolExecutor.java:1090)
	at java.base/java.util.concurrent.ThreadPoolExecutor$Worker.run(ThreadPoolExecutor.java:614)
	at java.base/java.lang.Thread.run(Thread.java:1474)
[14:31:43] [Worker-Main-17/INFO] (Minecraft) Found unifont_all_no_pua-17.0.01.hex, loading
[14:31:43] [Worker-Main-23/INFO] (Minecraft) Found unifont_jp_patch-17.0.01.hex, loading
[14:31:43] [Worker-Main-4/INFO] (Minecraft) Found unifont_pua-17.0.01.hex, loading
[14:31:44] [Worker-Main-17/WARN] (Minecraft) Missing texture references in model too_many_bows:item/cursed_lantern_equipped:
    particle
[14:31:44] [Worker-Main-17/WARN] (Minecraft) Missing texture references in model too_many_bows:item/twin_shadows:
    particle
[14:31:44] [Worker-Main-17/WARN] (Minecraft) Missing texture references in model too_many_bows:item/aethers_call:
    particle
[14:31:44] [Worker-Main-17/WARN] (Minecraft) Missing texture references in model too_many_bows:item/soul_lantern_equipped:
    particle
[14:31:44] [Worker-Main-17/WARN] (Minecraft) Missing texture references in model too_many_bows:item/solar_bow:
    particle
[14:31:44] [Worker-Main-17/WARN] (Minecraft) Missing texture references in model too_many_bows:item/auroras_grace_pulling_1:
    particle
[14:31:44] [Worker-Main-17/WARN] (Minecraft) Missing texture references in model too_many_bows:item/auroras_grace:
    particle
[14:31:44] [Worker-Main-17/WARN] (Minecraft) Missing texture references in model too_many_bows:item/verdant_viper_bow_0:
    particle
[14:31:44] [Worker-Main-17/WARN] (Minecraft) Missing texture references in model too_many_bows:item/verdant_viper_bow_1:
    particle
[14:31:44] [Worker-Main-17/WARN] (Minecraft) Missing texture references in model too_many_bows:item/verdant_viper_bow_2:
    particle
[14:31:44] [Worker-Main-17/WARN] (Minecraft) Missing texture references in model too_many_bows:item/dragons_breath:
    particle
[14:31:44] [Render thread/INFO] (Minecraft) OpenAL initialized on device OpenAL Soft on HyperX Cloud Earbuds II (High Definition Audio Device)
[14:31:44] [Render thread/INFO] (Minecraft) Sound engine started
[14:31:44] [Render thread/INFO] (Minecraft) Created: 512x256x0 minecraft:textures/atlas/particles.png-atlas
[14:31:44] [Render thread/INFO] (Minecraft) Created: 128x128x0 minecraft:textures/atlas/decorated_pot.png-atlas
[14:31:44] [Render thread/INFO] (Minecraft) Created: 2048x1024x0 minecraft:textures/atlas/armor_trims.png-atlas
[14:31:44] [Render thread/INFO] (Minecraft) Created: 512x256x0 minecraft:textures/atlas/paintings.png-atlas
[14:31:44] [Render thread/INFO] (Minecraft) Created: 1024x512x0 minecraft:textures/atlas/shield_patterns.png-atlas
[14:31:44] [Render thread/INFO] (Minecraft) Created: 2048x2048x4 minecraft:textures/atlas/blocks.png-atlas
[14:31:44] [Render thread/INFO] (Minecraft) Created: 512x512x0 minecraft:textures/atlas/chest.png-atlas
[14:31:44] [Render thread/INFO] (Minecraft) Created: 256x128x0 minecraft:textures/atlas/celestials.png-atlas
[14:31:44] [Render thread/INFO] (Minecraft) Created: 1024x512x0 minecraft:textures/atlas/banner_patterns.png-atlas
[14:31:44] [Render thread/INFO] (Minecraft) Created: 512x512x0 minecraft:textures/atlas/beds.png-atlas
[14:31:44] [Render thread/INFO] (Minecraft) Created: 2048x1024x0 minecraft:textures/atlas/items.png-atlas
[14:31:44] [Render thread/INFO] (Minecraft) Created: 1024x1024x0 minecraft:textures/atlas/gui.png-atlas
[14:31:44] [Render thread/INFO] (Minecraft) Created: 128x64x0 minecraft:textures/atlas/map_decorations.png-atlas
[14:31:44] [Render thread/INFO] (Minecraft) Created: 512x256x0 minecraft:textures/atlas/signs.png-atlas
[14:31:44] [Render thread/INFO] (Minecraft) Created: 512x512x0 minecraft:textures/atlas/shulker_boxes.png-atlas
[14:33:03] [IO-Worker-1/INFO] (Minecraft) Could not authorize you against Realms server: java.lang.RuntimeException: Failed to parse into SignedJWT: FabricMC
[14:33:03] [IO-Worker-1/ERROR] (Minecraft) Couldn't connect to realms
com.mojang.realmsclient.exception.RealmsServiceException: Realms authentication error with message 'java.lang.RuntimeException: Failed to parse into SignedJWT: FabricMC'
	at knot//com.mojang.realmsclient.client.RealmsClient.execute(RealmsClient.java:526)
	at knot//com.mojang.realmsclient.client.RealmsClient.clientCompatible(RealmsClient.java:307)
	at knot//com.mojang.realmsclient.RealmsAvailability.lambda$check$0(RealmsAvailability.java:48)
	at java.base/java.util.concurrent.CompletableFuture$AsyncSupply.run(CompletableFuture.java:1789)
	at java.base/java.util.concurrent.ThreadPoolExecutor.runWorker(ThreadPoolExecutor.java:1090)
	at java.base/java.util.concurrent.ThreadPoolExecutor$Worker.run(ThreadPoolExecutor.java:614)
	at java.base/java.lang.Thread.run(Thread.java:1474)
[14:33:05] [Render thread/INFO] (Minecraft) Loaded 1531 recipes
[14:33:05] [Render thread/INFO] (Minecraft) Loaded 1626 advancements
[14:33:08] [Render thread/INFO] (BiomeModificationImpl) Applied 0 biome modifications to 0 of 65 new biomes in 1.330 ms
[14:33:08] [Server thread/INFO] (Minecraft) Starting integrated minecraft server version 26.1.2
[14:33:08] [Server thread/INFO] (Minecraft) Generating keypair
[14:33:08] [Server thread/INFO] (Minecraft) Selecting global world spawn...
[14:33:10] [Server thread/INFO] (Minecraft) Loading 0 persistent chunks...
[14:33:10] [Server thread/INFO] (Minecraft) Preparing spawn area: 16%
[14:33:10] [Server thread/INFO] (Minecraft) Saving chunks for level 'ServerLevel[New World]'/minecraft:overworld
[14:33:10] [Server thread/INFO] (Minecraft) Saving chunks for level 'ServerLevel[New World]'/minecraft:the_end
[14:33:10] [Server thread/INFO] (Minecraft) Saving chunks for level 'ServerLevel[New World]'/minecraft:the_nether
[14:33:10] [Server thread/INFO] (Minecraft) ThreadedAnvilChunkStorage (world): All chunks are saved
[14:33:10] [Server thread/INFO] (Minecraft) ThreadedAnvilChunkStorage (DIM1): All chunks are saved
[14:33:10] [Server thread/INFO] (Minecraft) ThreadedAnvilChunkStorage (DIM-1): All chunks are saved
[14:33:10] [Server thread/INFO] (Minecraft) ThreadedAnvilChunkStorage: All dimensions are saved
[14:33:10] [Server thread/WARN] (TranslationConventionLogWarnings) 
	Dev warning - Untranslated Item Tags detected. Please translate your item tags so other mods such as recipe viewers can properly display your tag's name.
	The format desired is tag.item.<namespace>.<path> for the translation key with slashes in path turned into periods.
	To disable this message, set this system property in your runs: `-Dfabric-tag-conventions-v2.missingTagTranslationWarning=SILENCED`.
	To see individual untranslated item tags found, set the system property to `-Dfabric-tag-conventions-v2.missingTagTranslationWarning=VERBOSE`.
	Default is `SHORT`.

[14:33:11] [Server thread/INFO] (Minecraft) Loading 48 chunks for player spawn...
[14:33:11] [Server thread/INFO] (Minecraft) Preparing spawn area: 16%
[14:33:11] [Server thread/INFO] (Minecraft) Preparing spawn area: 16%
[14:33:11] [Server thread/INFO] (Minecraft) Preparing spawn area: 16%
[14:33:11] [Server thread/INFO] (Minecraft) Preparing spawn area: 16%
[14:33:11] [Server thread/INFO] (Minecraft) Preparing spawn area: 16%
[14:33:11] [Server thread/INFO] (Minecraft) Preparing spawn area: 25%
[14:33:12] [Server thread/INFO] (Minecraft) Preparing spawn area: 58%
[14:33:12] [Server thread/INFO] (Minecraft) Time elapsed: 3783 ms
[14:33:12] [Server thread/INFO] (Minecraft) Player966[local:E:f08f2eec] logged in with entity id 9 at (3.5, 74.0, -233.5)
[14:33:12] [Server thread/INFO] (Minecraft) Player966 joined the game
[14:33:12] [Server thread/INFO] (Minecraft) Changing view distance to 16, from 10
[14:33:12] [Server thread/INFO] (Minecraft) Changing simulation distance to 12, from 0
[14:33:12] [Render thread/INFO] (Minecraft) Loaded 2 advancements
[14:33:12] [Render thread/INFO] (Minecraft) Resizing Dynamic Transforms UBO, capacity limit of 2 reached during a single frame. New capacity will be 4.
[14:33:13] [Render thread/INFO] (Minecraft) Resizing Dynamic Transforms UBO, capacity limit of 4 reached during a single frame. New capacity will be 8.
[14:33:13] [Render thread/INFO] (Minecraft) Resizing Chunk Sections UBO, capacity limit of 2 reached during a single frame. New capacity will be 4.
[14:33:13] [Render thread/INFO] (Minecraft) Resizing Chunk Sections UBO, capacity limit of 4 reached during a single frame. New capacity will be 8.
[14:33:13] [Render thread/INFO] (Minecraft) Resizing Chunk Sections UBO, capacity limit of 8 reached during a single frame. New capacity will be 16.
[14:33:13] [Render thread/INFO] (Minecraft) Resizing Chunk Sections UBO, capacity limit of 16 reached during a single frame. New capacity will be 32.
[14:33:13] [Render thread/INFO] (Minecraft) Resizing Chunk Sections UBO, capacity limit of 32 reached during a single frame. New capacity will be 64.
[14:33:14] [Render thread/INFO] (Minecraft) Resizing Chunk Sections UBO, capacity limit of 64 reached during a single frame. New capacity will be 128.
[14:33:15] [Server thread/INFO] (Minecraft) Saving and pausing game...
[14:33:15] [Server thread/INFO] (Minecraft) Saving chunks for level 'ServerLevel[New World]'/minecraft:overworld
[14:33:15] [Server thread/INFO] (Minecraft) Saving chunks for level 'ServerLevel[New World]'/minecraft:the_end
[14:33:15] [Server thread/INFO] (Minecraft) Saving chunks for level 'ServerLevel[New World]'/minecraft:the_nether
[14:33:19] [Render thread/INFO] (Minecraft) Resizing Chunk Sections UBO, capacity limit of 128 reached during a single frame. New capacity will be 256.
[14:33:20] [Render thread/INFO] (Minecraft) Resizing Chunk Sections UBO, capacity limit of 256 reached during a single frame. New capacity will be 512.
[14:33:20] [Server thread/INFO] (Minecraft) [Player966: Set own game mode to Creative Mode]
[14:33:20] [Render thread/INFO] (Minecraft) [System] [CHAT] Set own game mode to Creative Mode
[14:33:23] [Render thread/INFO] (Minecraft) Resizing Chunk Sections UBO, capacity limit of 512 reached during a single frame. New capacity will be 1024.
[14:33:28] [Server thread/INFO] (Minecraft) Player966 has completed the challenge [Ancient Sage's Legacy]
[14:33:28] [Server thread/INFO] (Minecraft) Player966 has made the advancement [Too Many Bows]
[14:33:28] [Render thread/INFO] (Minecraft) [System] [CHAT] Player966 has completed the challenge [Ancient Sage's Legacy]
[14:33:28] [Render thread/INFO] (Minecraft) [System] [CHAT] Player966 has made the advancement [Too Many Bows]
[14:33:28] [Render thread/INFO] (Minecraft) Loaded 11 advancements
[14:33:49] [Server thread/INFO] (Minecraft) Saving and pausing game...
[14:33:49] [Server thread/INFO] (Minecraft) Saving chunks for level 'ServerLevel[New World]'/minecraft:overworld
[14:33:49] [Server thread/INFO] (Minecraft) Saving chunks for level 'ServerLevel[New World]'/minecraft:the_end
[14:33:49] [Server thread/INFO] (Minecraft) Saving chunks for level 'ServerLevel[New World]'/minecraft:the_nether
[14:33:50] [Server thread/INFO] (Minecraft) Stopping server
[14:33:50] [Server thread/INFO] (Minecraft) Saving players
[14:33:50] [Server thread/INFO] (Minecraft) Player966 lost connection: Disconnected
[14:33:50] [Server thread/INFO] (Minecraft) Player966 left the game
[14:33:50] [Server thread/INFO] (Minecraft) Stopping singleplayer server as player logged out
[14:33:50] [Server thread/INFO] (Minecraft) Saving worlds
[14:33:50] [Server thread/INFO] (Minecraft) Saving chunks for level 'ServerLevel[New World]'/minecraft:overworld
